// Jest Snapshot v1, https://goo.gl/fbAQLP

exports[`should render correctly 1`] = `
<div>
  <span>
    <strong
      data-testid="highlighted"
    >
      test
    </strong>
    ing result
  </span>
</div>
`;
